// Jest Snapshot v1, https://goo.gl/fbAQLP

exports[`test in <GifItem /> Should do match with the snapshot 1`] = `
<div>
  <div
    class="card"
  >
    <img
      alt="Soy un titulo"
      src="https://url-de-prueba.com/"
    />
    <p>
      Soy un titulo
    </p>
  </div>
</div>
`;
